     1                                  ;%include "linux64.inc"
     2                                  %include "_syscodes.inc"
     3                              <1> STDIN_FILENO    equ 0
     4                              <1> STDOUT_FILENO   equ 1
     5                              <1> STDERR_FILENO   equ 2
     6                              <1> STDIN   equ 0
     7                              <1> STDOUT  equ 1
     8                              <1> STDERR  equ 2
     9                              <1>  
    10                              <1> O_RDONLY    equ 0
    11                              <1> O_WRONLY    equ 1
    12                              <1> O_RDWR      equ 2
    13                              <1>  
    14                              <1> O_CREAT     equ 64
    15                              <1> O_EXCL      equ 128
    16                              <1> O_NOCTTY    equ 256
    17                              <1> O_TRUNC     equ 512
    18                              <1> O_APPEND    equ 1024
    19                              <1> O_NONBLOCK  equ 2048
    20                              <1> O_NDELAY    equ 2048
    21                              <1> O_DSYNC     equ 4096
    22                              <1> O_ASYNC     equ 8192
    23                              <1> O_DIRECT    equ 16384
    24                              <1> O_DIRECTORY equ 65536
    25                              <1> O_NOFOLLOW  equ 131072
    26                              <1> O_NOATIME   equ 262144
    27                              <1> O_CLOEXEC   equ 524288
    28                              <1> O_SYNC      equ 1052672
    29                              <1> O_PATH      equ 2097152
    30                              <1> O_TMPFILE   equ 4259840
    31                              <1>  
    32                              <1> O_LARGEFILE equ 0
    33                              <1> 
    34                              <1> SYS_READ    equ 0
    35                              <1> SYS_WRITE   equ 1
    36                              <1> SYS_OPEN    equ 2
    37                              <1> SYS_CLOSE   equ 3
    38                              <1> SYS_STAT    equ 4
    39                              <1> SYS_FSTAT   equ 5
    40                              <1> SYS_LSTAT   equ 6
    41                              <1> SYS_POLL    equ 7
    42                              <1> SYS_LSEEK   equ 8
    43                              <1> SYS_MMAP    equ 9
    44                              <1> SYS_MPROTECT    equ 10
    45                              <1> SYS_MUNMAP  equ 11
    46                              <1> SYS_BRK equ 12
    47                              <1> SYS_RT_SIGACTION    equ 13
    48                              <1> SYS_RT_SIGPROCMASK  equ 14
    49                              <1> SYS_RT_SIGRETURN    equ 15
    50                              <1> SYS_IOCTL   equ 16
    51                              <1> SYS_PREAD64 equ 17
    52                              <1> SYS_PWRITE64    equ 18
    53                              <1> SYS_READV   equ 19
    54                              <1> SYS_WRITEV  equ 20
    55                              <1> SYS_ACCESS  equ 21
    56                              <1> SYS_PIPE    equ 22
    57                              <1> SYS_SELECT  equ 23
    58                              <1> SYS_SCHED_YIELD equ 24
    59                              <1> SYS_MREMAP  equ 25
    60                              <1> SYS_MSYNC   equ 26
    61                              <1> SYS_MINCORE equ 27
    62                              <1> SYS_MADVISE equ 28
    63                              <1> SYS_SHMGET  equ 29
    64                              <1> SYS_SHMAT   equ 30
    65                              <1> SYS_SHMCTL  equ 31
    66                              <1> SYS_DUP equ 32
    67                              <1> SYS_DUP2    equ 33
    68                              <1> SYS_PAUSE   equ 34
    69                              <1> SYS_NANOSLEEP   equ 35
    70                              <1> SYS_GETITIMER   equ 36
    71                              <1> SYS_ALARM   equ 37
    72                              <1> SYS_SETITIMER   equ 38
    73                              <1> SYS_GETPID  equ 39
    74                              <1> SYS_SENDFILE    equ 40
    75                              <1> SYS_SOCKET  equ 41
    76                              <1> SYS_CONNECT equ 42
    77                              <1> SYS_ACCEPT  equ 43
    78                              <1> SYS_SENDTO  equ 44
    79                              <1> SYS_RECVFROM    equ 45
    80                              <1> SYS_SENDMSG equ 46
    81                              <1> SYS_RECVMSG equ 47
    82                              <1> SYS_SHUTDOWN    equ 48
    83                              <1> SYS_BIND    equ 49
    84                              <1> SYS_LISTEN  equ 50
    85                              <1> SYS_GETSOCKNAME equ 51
    86                              <1> SYS_GETPEERNAME equ 52
    87                              <1> SYS_SOCKETPAIR  equ 53
    88                              <1> SYS_SETSOCKOPT  equ 54
    89                              <1> SYS_GETSOCKOPT  equ 55
    90                              <1> SYS_CLONE   equ 56
    91                              <1> SYS_FORK    equ 57
    92                              <1> SYS_VFORK   equ 58
    93                              <1> SYS_EXECVE  equ 59
    94                              <1> SYS_EXIT    equ 60
    95                              <1> SYS_WAIT4   equ 61
    96                              <1> SYS_KILL    equ 62
    97                              <1> SYS_UNAME   equ 63
    98                              <1> SYS_SEMGET  equ 64
    99                              <1> SYS_SEMOP   equ 65
   100                              <1> SYS_SEMCTL  equ 66
   101                              <1> SYS_SHMDT   equ 67
   102                              <1> SYS_MSGGET  equ 68
   103                              <1> SYS_MSGSND  equ 69
   104                              <1> SYS_MSGRCV  equ 70
   105                              <1> SYS_MSGCTL  equ 71
   106                              <1> SYS_FCNTL   equ 72
   107                              <1> SYS_FLOCK   equ 73
   108                              <1> SYS_FSYNC   equ 74
   109                              <1> SYS_FDATASYNC   equ 75
   110                              <1> SYS_TRUNCATE    equ 76
   111                              <1> SYS_FTRUNCATE   equ 77
   112                              <1> SYS_GETDENTS    equ 78
   113                              <1> SYS_GETCWD  equ 79
   114                              <1> SYS_CHDIR   equ 80
   115                              <1> SYS_FCHDIR  equ 81
   116                              <1> SYS_RENAME  equ 82
   117                              <1> SYS_MKDIR   equ 83
   118                              <1> SYS_RMDIR   equ 84
   119                              <1> SYS_CREAT   equ 85
   120                              <1> SYS_LINK    equ 86
   121                              <1> SYS_UNLINK  equ 87
   122                              <1> SYS_SYMLINK equ 88
   123                              <1> SYS_READLINK    equ 89
   124                              <1> SYS_CHMOD   equ 90
   125                              <1> SYS_FCHMOD  equ 91
   126                              <1> SYS_CHOWN   equ 92
   127                              <1> SYS_FCHOWN  equ 93
   128                              <1> SYS_LCHOWN  equ 94
   129                              <1> SYS_UMASK   equ 95
   130                              <1> SYS_GETTIMEOFDAY    equ 96
   131                              <1> SYS_GETRLIMIT   equ 97
   132                              <1> SYS_GETRUSAGE   equ 98
   133                              <1> SYS_SYSINFO equ 99
   134                              <1> SYS_TIMES   equ 100
   135                              <1> SYS_PTRACE  equ 101
   136                              <1> SYS_GETUID  equ 102
   137                              <1> SYS_SYSLOG  equ 103
   138                              <1> SYS_GETGID  equ 104
   139                              <1> SYS_SETUID  equ 105
   140                              <1> SYS_SETGID  equ 106
   141                              <1> SYS_GETEUID equ 107
   142                              <1> SYS_GETEGID equ 108
   143                              <1> SYS_SETPGID equ 109
   144                              <1> SYS_GETPPID equ 110
   145                              <1> SYS_GETPGRP equ 111
   146                              <1> SYS_SETSID  equ 112
   147                              <1> SYS_SETREUID    equ 113
   148                              <1> SYS_SETREGID    equ 114
   149                              <1> SYS_GETGROUPS   equ 115
   150                              <1> SYS_SETGROUPS   equ 116
   151                              <1> SYS_SETRESUID   equ 117
   152                              <1> SYS_GETRESUID   equ 118
   153                              <1> SYS_SETRESGID   equ 119
   154                              <1> SYS_GETRESGID   equ 120
   155                              <1> SYS_GETPGID equ 121
   156                              <1> SYS_SETFSUID    equ 122
   157                              <1> SYS_SETFSGID    equ 123
   158                              <1> SYS_GETSID  equ 124
   159                              <1> SYS_CAPGET  equ 125
   160                              <1> SYS_CAPSET  equ 126
   161                              <1> SYS_RT_SIGPENDING   equ 127
   162                              <1> SYS_RT_SIGTIMEDWAIT equ 128
   163                              <1> SYS_RT_SIGQUEUEINFO equ 129
   164                              <1> SYS_RT_SIGSUSPEND   equ 130
   165                              <1> SYS_SIGALTSTACK equ 131
   166                              <1> SYS_UTIME   equ 132
   167                              <1> SYS_MKNOD   equ 133
   168                              <1> SYS_USELIB  equ 134
   169                              <1> SYS_PERSONALITY equ 135
   170                              <1> SYS_USTAT   equ 136
   171                              <1> SYS_STATFS  equ 137
   172                              <1> SYS_FSTATFS equ 138
   173                              <1> SYS_SYSFS   equ 139
   174                              <1> SYS_GETPRIORITY equ 140
   175                              <1> SYS_SETPRIORITY equ 141
   176                              <1> SYS_SCHED_SETPARAM  equ 142
   177                              <1> SYS_SCHED_GETPARAM  equ 143
   178                              <1> SYS_SCHED_SETSCHEDULER  equ 144
   179                              <1> SYS_SCHED_GETSCHEDULER  equ 145
   180                              <1> SYS_SCHED_GET_PRIORITY_MAX  equ 146
   181                              <1> SYS_SCHED_GET_PRIORITY_MIN  equ 147
   182                              <1> SYS_SCHED_RR_GET_INTERVAL   equ 148
   183                              <1> SYS_MLOCK   equ 149
   184                              <1> SYS_MUNLOCK equ 150
   185                              <1> SYS_MLOCKALL    equ 151
   186                              <1> SYS_MUNLOCKALL  equ 152
   187                              <1> SYS_VHANGUP equ 153
   188                              <1> SYS_MODIFY_LDT  equ 154
   189                              <1> SYS_PIVOT_ROOT  equ 155
   190                              <1> SYS__SYSCTL equ 156
   191                              <1> SYS_PRCTL   equ 157
   192                              <1> SYS_ARCH_PRCTL  equ 158
   193                              <1> SYS_ADJTIMEX    equ 159
   194                              <1> SYS_SETRLIMIT   equ 160
   195                              <1> SYS_CHROOT  equ 161
   196                              <1> SYS_SYNC    equ 162
   197                              <1> SYS_ACCT    equ 163
   198                              <1> SYS_SETTIMEOFDAY    equ 164
   199                              <1> SYS_MOUNT   equ 165
   200                              <1> SYS_UMOUNT2 equ 166
   201                              <1> SYS_SWAPON  equ 167
   202                              <1> SYS_SWAPOFF equ 168
   203                              <1> SYS_REBOOT  equ 169
   204                              <1> SYS_SETHOSTNAME equ 170
   205                              <1> SYS_SETDOMAINNAME   equ 171
   206                              <1> SYS_IOPL    equ 172
   207                              <1> SYS_IOPERM  equ 173
   208                              <1> SYS_CREATE_MODULE   equ 174
   209                              <1> SYS_INIT_MODULE equ 175
   210                              <1> SYS_DELETE_MODULE   equ 176
   211                              <1> SYS_GET_KERNEL_SYMS equ 177
   212                              <1> SYS_QUERY_MODULE    equ 178
   213                              <1> SYS_QUOTACTL    equ 179
   214                              <1> SYS_NFSSERVCTL  equ 180
   215                              <1> SYS_GETPMSG equ 181
   216                              <1> SYS_PUTPMSG equ 182
   217                              <1> SYS_AFS_SYSCALL equ 183
   218                              <1> SYS_TUXCALL equ 184
   219                              <1> SYS_SECURITY    equ 185
   220                              <1> SYS_GETTID  equ 186
   221                              <1> SYS_READAHEAD   equ 187
   222                              <1> SYS_SETXATTR    equ 188
   223                              <1> SYS_LSETXATTR   equ 189
   224                              <1> SYS_FSETXATTR   equ 190
   225                              <1> SYS_GETXATTR    equ 191
   226                              <1> SYS_LGETXATTR   equ 192
   227                              <1> SYS_FGETXATTR   equ 193
   228                              <1> SYS_LISTXATTR   equ 194
   229                              <1> SYS_LLISTXATTR  equ 195
   230                              <1> SYS_FLISTXATTR  equ 196
   231                              <1> SYS_REMOVEXATTR equ 197
   232                              <1> SYS_LREMOVEXATTR    equ 198
   233                              <1> SYS_FREMOVEXATTR    equ 199
   234                              <1> SYS_TKILL   equ 200
   235                              <1> SYS_TIME    equ 201
   236                              <1> SYS_FUTEX   equ 202
   237                              <1> SYS_SCHED_SETAFFINITY   equ 203
   238                              <1> SYS_SCHED_GETAFFINITY   equ 204
   239                              <1> SYS_SET_THREAD_AREA equ 205
   240                              <1> SYS_IO_SETUP    equ 206
   241                              <1> SYS_IO_DESTROY  equ 207
   242                              <1> SYS_IO_GETEVENTS    equ 208
   243                              <1> SYS_IO_SUBMIT   equ 209
   244                              <1> SYS_IO_CANCEL   equ 210
   245                              <1> SYS_GET_THREAD_AREA equ 211
   246                              <1> SYS_LOOKUP_DCOOKIE  equ 212
   247                              <1> SYS_EPOLL_CREATE    equ 213
   248                              <1> SYS_EPOLL_CTL_OLD   equ 214
   249                              <1> SYS_EPOLL_WAIT_OLD  equ 215
   250                              <1> SYS_REMAP_FILE_PAGES    equ 216
   251                              <1> SYS_GETDENTS64  equ 217
   252                              <1> SYS_SET_TID_ADDRESS equ 218
   253                              <1> SYS_RESTART_SYSCALL equ 219
   254                              <1> SYS_SEMTIMEDOP  equ 220
   255                              <1> SYS_FADVISE64   equ 221
   256                              <1> SYS_TIMER_CREATE    equ 222
   257                              <1> SYS_TIMER_SETTIME   equ 223
   258                              <1> SYS_TIMER_GETTIME   equ 224
   259                              <1> SYS_TIMER_GETOVERRUN    equ 225
   260                              <1> SYS_TIMER_DELETE    equ 226
   261                              <1> SYS_CLOCK_SETTIME   equ 227
   262                              <1> SYS_CLOCK_GETTIME   equ 228
   263                              <1> SYS_CLOCK_GETRES    equ 229
   264                              <1> SYS_CLOCK_NANOSLEEP equ 230
   265                              <1> SYS_EXIT_GROUP  equ 231
   266                              <1> SYS_EPOLL_WAIT  equ 232
   267                              <1> SYS_EPOLL_CTL   equ 233
   268                              <1> SYS_TGKILL  equ 234
   269                              <1> SYS_UTIMES  equ 235
   270                              <1> SYS_VSERVER equ 236
   271                              <1> SYS_MBIND   equ 237
   272                              <1> SYS_SET_MEMPOLICY   equ 238
   273                              <1> SYS_GET_MEMPOLICY   equ 239
   274                              <1> SYS_MQ_OPEN equ 240
   275                              <1> SYS_MQ_UNLINK   equ 241
   276                              <1> SYS_MQ_TIMEDSEND    equ 242
   277                              <1> SYS_MQ_TIMEDRECEIVE equ 243
   278                              <1> SYS_MQ_NOTIFY   equ 244
   279                              <1> SYS_MQ_GETSETATTR   equ 245
   280                              <1> SYS_KEXEC_LOAD  equ 246
   281                              <1> SYS_WAITID  equ 247
   282                              <1> SYS_ADD_KEY equ 248
   283                              <1> SYS_REQUEST_KEY equ 249
   284                              <1> SYS_KEYCTL  equ 250
   285                              <1> SYS_IOPRIO_SET  equ 251
   286                              <1> SYS_IOPRIO_GET  equ 252
   287                              <1> SYS_INOTIFY_INIT    equ 253
   288                              <1> SYS_INOTIFY_ADD_WATCH   equ 254
   289                              <1> SYS_INOTIFY_RM_WATCH    equ 255
   290                              <1> SYS_MIGRATE_PAGES   equ 256
   291                              <1> SYS_OPENAT  equ 257
   292                              <1> SYS_MKDIRAT equ 258
   293                              <1> SYS_MKNODAT equ 259
   294                              <1> SYS_FCHOWNAT    equ 260
   295                              <1> SYS_FUTIMESAT   equ 261
   296                              <1> SYS_NEWFSTATAT  equ 262
   297                              <1> SYS_UNLINKAT    equ 263
   298                              <1> SYS_RENAMEAT    equ 264
   299                              <1> SYS_LINKAT  equ 265
   300                              <1> SYS_SYMLINKAT   equ 266
   301                              <1> SYS_READLINKAT  equ 267
   302                              <1> SYS_FCHMODAT    equ 268
   303                              <1> SYS_FACCESSAT   equ 269
   304                              <1> SYS_PSELECT6    equ 270
   305                              <1> SYS_PPOLL   equ 271
   306                              <1> SYS_UNSHARE equ 272
   307                              <1> SYS_SET_ROBUST_LIST equ 273
   308                              <1> SYS_GET_ROBUST_LIST equ 274
   309                              <1> SYS_SPLICE  equ 275
   310                              <1> SYS_TEE equ 276
   311                              <1> SYS_SYNC_FILE_RANGE equ 277
   312                              <1> SYS_VMSPLICE    equ 278
   313                              <1> SYS_MOVE_PAGES  equ 279
   314                              <1> SYS_UTIMENSAT   equ 280
   315                              <1> SYS_EPOLL_PWAIT equ 281
   316                              <1> SYS_SIGNALFD    equ 282
   317                              <1> SYS_TIMERFD_CREATE  equ 283
   318                              <1> SYS_EVENTFD equ 284
   319                              <1> SYS_FALLOCATE   equ 285
   320                              <1> SYS_TIMERFD_SETTIME equ 286
   321                              <1> SYS_TIMERFD_GETTIME equ 287
   322                              <1> SYS_ACCEPT4 equ 288
   323                              <1> SYS_SIGNALFD4   equ 289
   324                              <1> SYS_EVENTFD2    equ 290
   325                              <1> SYS_EPOLL_CREATE1   equ 291
   326                              <1> SYS_DUP3    equ 292
   327                              <1> SYS_PIPE2   equ 293
   328                              <1> SYS_INOTIFY_INIT1   equ 294
   329                              <1> SYS_PREADV  equ 295
   330                              <1> SYS_PWRITEV equ 296
   331                              <1> SYS_RT_TGSIGQUEUEINFO   equ 297
   332                              <1> SYS_PERF_EVENT_OPEN equ 298
   333                              <1> SYS_RECVMMSG    equ 299
   334                              <1> SYS_FANOTIFY_INIT   equ 300
   335                              <1> SYS_FANOTIFY_MARK   equ 301
   336                              <1> SYS_PRLIMIT64   equ 302
   337                              <1> SYS_NAME_TO_HANDLE_AT   equ 303
   338                              <1> SYS_OPEN_BY_HANDLE_AT   equ 304
   339                              <1> SYS_CLOCK_ADJTIME   equ 305
   340                              <1> SYS_SYNCFS  equ 306
   341                              <1> SYS_SENDMMSG    equ 307
   342                              <1> SYS_SETNS   equ 308
   343                              <1> SYS_GETCPU  equ 309
   344                              <1> SYS_PROCESS_VM_READV    equ 310
   345                              <1> SYS_PROCESS_VM_WRITEV   equ 311
   346                              <1> SYS_KCMP    equ 312
   347                              <1> SYS_FINIT_MODULE    equ 313
   348                              <1> SYS_SCHED_SETATTR   equ 314
   349                              <1> SYS_SCHED_GETATTR   equ 315
   350                              <1> SYS_RENAMEAT2   equ 316
   351                              <1> SYS_SECCOMP equ 317
   352                              <1> SYS_GETRANDOM   equ 318
   353                              <1> SYS_MEMFD_CREATE    equ 319
   354                              <1> SYS_KEXEC_FILE_LOAD equ 320
   355                              <1> SYS_BPF equ 321
   356                              <1> STUB_EXECVEAT   equ 322
   357                              <1> USERFAULTFD equ 323
   358                              <1> MEMBARRIER  equ 324
   359                              <1> MLOCK2  equ 325
   360                              <1> COPY_FILE_RANGE equ 326
   361                              <1> PREADV2 equ 327
   362                              <1> PWRITEV2    equ 328
     3                                  %include "_pr.inc"
     4                              <1> ; I guess I can reserve memory in the .inc files
     5                              <1> section .bss
     6 00000000 <res 64h>           <1>     digitSpace resb 100
     7 00000064 ????????????????    <1>     digitSpacePos resb 8
     8 0000006C ????????????????    <1>     printSpace resb 8
     9                              <1> 
    10                              <1> ; exit
    11                              <1> %macro exit 0
    12                              <1>     mov rax, 60
    13                              <1>     mov rdi, 0
    14                              <1>     syscall
    15                              <1> %endmacro
    16                              <1> 
    17                              <1> ;print
    18                              <1> %macro _print 1
    19                              <1>     mov rax, %1                 ; rax 0xnothing -> 0x40402a %1
    20                              <1>     mov [printSpace], rax       ; print space holds the 3 byte address of rax
    21                              <1>     mov rbx, 0                  ; set rbx to 0 to stop the loop
    22                              <1> %%_printloop:
    23                              <1>     mov cl, [rax]               ; move contents of rax to the lower byte of rcx
    24                              <1>     cmp cl, 0                   ; compare that byte with 0
    25                              <1>     je %%endPrintLoop
    26                              <1>     inc rbx                     ;using rbx as our char count
    27                              <1>     inc rax                     ;rax points to next character.   
    28                              <1>     jmp %%_printloop
    29                              <1> %%endPrintLoop:
    30                              <1>     mov rax, 1
    31                              <1>     mov rdi, 1
    32                              <1>     mov rsi, [printSpace]
    33                              <1>     mov rdx, rbx
    34                              <1>     syscall
    35                              <1> %endmacro
    36                              <1> 
     4                                  
     5                                  
     6                                  section .data
     7 00000000 0A00                        newline db 10,0
     8 00000002 3D3D3D3D3D3D3D3D3D-         buf     db "===================",0
     8 0000000B 3D3D3D3D3D3D3D3D3D-
     8 00000014 3D00               
     9 00000016 746869732030697320-         string1 db "this 0is a string",0
     9 0000001F 6120737472696E6700 
    10 00000028 31                          number1 db 49
    11                                  section .text
    12                                      global main 
    13                                  main:
    14                                      
    15                                      
    16                                      _print buf 
    19 00000000 48B8-               <1>  mov rax, %1
    19 00000002 [0200000000000000]  <1>
    20 0000000A 48890425[6C000000]  <1>  mov [printSpace], rax
    21 00000012 BB00000000          <1>  mov rbx, 0
    22                              <1> %%_printloop:
    23 00000017 8A08                <1>  mov cl, [rax]
    24 00000019 80F900              <1>  cmp cl, 0
    25 0000001C 7408                <1>  je %%endPrintLoop
    26 0000001E 48FFC3              <1>  inc rbx
    27 00000021 48FFC0              <1>  inc rax
    28 00000024 EBF1                <1>  jmp %%_printloop
    29                              <1> %%endPrintLoop:
    30 00000026 B801000000          <1>  mov rax, 1
    31 0000002B BF01000000          <1>  mov rdi, 1
    32 00000030 488B3425[6C000000]  <1>  mov rsi, [printSpace]
    33 00000038 4889DA              <1>  mov rdx, rbx
    34 0000003B 0F05                <1>  syscall
    17                                      _print newline
    19 0000003D 48B8-               <1>  mov rax, %1
    19 0000003F [0000000000000000]  <1>
    20 00000047 48890425[6C000000]  <1>  mov [printSpace], rax
    21 0000004F BB00000000          <1>  mov rbx, 0
    22                              <1> %%_printloop:
    23 00000054 8A08                <1>  mov cl, [rax]
    24 00000056 80F900              <1>  cmp cl, 0
    25 00000059 7408                <1>  je %%endPrintLoop
    26 0000005B 48FFC3              <1>  inc rbx
    27 0000005E 48FFC0              <1>  inc rax
    28 00000061 EBF1                <1>  jmp %%_printloop
    29                              <1> %%endPrintLoop:
    30 00000063 B801000000          <1>  mov rax, 1
    31 00000068 BF01000000          <1>  mov rdi, 1
    32 0000006D 488B3425[6C000000]  <1>  mov rsi, [printSpace]
    33 00000075 4889DA              <1>  mov rdx, rbx
    34 00000078 0F05                <1>  syscall
    18                                  
    19                                  
    20                                      exit
    12 0000007A B83C000000          <1>  mov rax, 60
    13 0000007F BF00000000          <1>  mov rdi, 0
    14 00000084 0F05                <1>  syscall
