     1                                  section .data
     2 00000000 000A                        digit db 0,10; digit is defined with 2 bytes: 0, 10
     3                                  ; since we only load the lower byte of the rax reg into digit, it only overwrites the
     4                                  ; first byte and does not affect the newline character. 
     5                                  section .bss
     6                                  section .text
     7                                      global main
     8                                  main:
     9 00000000 6A04                        push 4
    10 00000002 6A09                        push 9
    11 00000004 6A03                        push 3
    12 00000006 58                          pop rax
    13 00000007 E811000000                  call _printRAXdigit
    14 0000000C 58                          pop rax
    15 0000000D E80B000000                  call _printRAXdigit
    16 00000012 58                          pop rax
    17 00000013 E805000000                  call _printRAXdigit
    18                                  
    19 00000018 E827000000                  call ep
    20                                  
    21                                  _printRAXdigit:
    22 0000001D 4883C031                    add rax, 49
    23 00000021 880425[00000000]            mov [digit], al; "al" is the low 8-bit regeister section of the rax register. 
    24 00000028 B801000000                  mov rax, 1
    25 0000002D BF01000000                  mov rdi, 1
    26 00000032 48BE-                       mov rsi, digit
    26 00000034 [0000000000000000] 
    27 0000003C BA02000000                  mov rdx, 2; digit 0-9 + newline character = 2 bytes
    28 00000041 0F05                        syscall
    29 00000043 C3                          ret
    30                                  
    31                                  ep:
    32 00000044 B83C000000                  mov rax, 60
    33 00000049 BF00000000                  mov rdi, 0
    34 0000004E 0F05                        syscall
    35 00000050 C3                          ret
    36                                  
