     1                                  section .data
     2 00000000 6669727374000A              msg db "first",0,10
     3 00000007 7365636F6E000A              msg1 db "secon",0,10
     4 0000000E 7468697264000A              msg2 db "third",0,10
     5                                  
     6                                  section .bss
     7                                  section .text
     8                                      global main
     9                                  main:
    10                                  
    11 00000000 48B8-                   mov rax, msg
    11 00000002 [0000000000000000] 
    12                                  ;call _ps
    13                                  ;mov rax, msg1
    14 0000000A E805000000              call _ps
    15                                  ;mov rax, msg2
    16                                  ;call _ps
    17 0000000F E80F000000              call ep
    18                                  
    19                                  _ps:
    20 00000014 50                          push rax
    21 00000015 B801000000                  mov rax, 1
    22 0000001A BF01000000                  mov rdi, 1
    23 0000001F 5E                          pop rsi
    24 00000020 0F05                        syscall
    25 00000022 C3                          ret
    26                                  ep:
    27 00000023 B83C000000                  mov rax, 60
    28 00000028 BF00000000                  mov rdi, 0
    29 0000002D 0F05                        syscall
    30 0000002F C3                          ret
